{"winner":"x","winningSquence":[{"x":1,"y":5},{"x":2,"y":4},{"x":3,"y":3},{"x":0,"y":6}]}