{"winner":"x","winningSquence":[{"x":0,"y":0},{"x":0,"y":1},{"x":0,"y":2}]}