{"winner":"x","winningSquence":[{"x":0,"y":3},{"x":1,"y":2},{"x":2,"y":1},{"x":3,"y":0}]}