{"winner":"x","winningSquence":[{"x":2,"y":2},{"x":1,"y":1},{"x":0,"y":0}]}