{"winner":"x","winningSquence":[{"x":0,"y":0},{"x":1,"y":0},{"x":2,"y":0}]}